Python 3.2.2 (default, Sep  4 2011, 09:51:08) [MSC v.1500 32 bit (Intel)] on win32
Type "copyright", "credits" or "license()" for more information.
>>> #!/usr/bin/env python3
>>> # Rock Paper Scissors: The Video Game
>>> import random
>>> import time
>>> 
>>> rock = 1
>>> paper = 2
>>> scissors = 3
>>> 
>>> names = { rock: "Rock", paper: "Paper", scissors: "Scissors"}
>>> rules = {rock: scissors, paper: rock, scissors: paper}
>>> 
>>> player_score = 0
>>> computer_score = 0
>>> 
>>> def start():
	print("Let's play a game of rock, paper, scissors")
	while game():
		pass
	scores()

	
>>> def game():
	player = move()
	computer = random.randint(1, 3)
	result(player, computer)
	return play_again()

>>> def move():
	while True:
		print
		player = raw_input("Rock = 1\nPaper = 2\nScissors = 3\nMake a move: ")
		try:
			player = int(player)
			if player in (1,2,3):
				return player
		except ValueError:
			pass
		print("Oops! I didn't understand that. Please enter 1, 2, or 3.")

		
>>> def result(player, computer):
	print("1...")
	time.sleep(1)
	print("2...")
	time.sleep(1)
	print("3!")
	time.sleep(0.5)
	print ("Computer threw {0}!".format (names[computer]))
	global player_score, computer_score
	if player == computer:
		print("Tie game!")
	else:
		if rules[player] == computer:
			print("Your victory has been assured.")
			player_score += 1
		else:
			print("The computer laughs as you realize you have been defeated.")
			computer_score += 1

			
>>> def play_again():
	answer = raw_input("Would you like to play again? y/n: ")
	if answer in ("y", "Y", "yes", "Yes", "Of course"):
		return answer
	else:
		print("Thank you very much for playing our game. See you next time!")

		
>>> def scores():
	global player_score, computer_score
	print("HIGH SCORES")
	print("Player: ", player_score)
	print("Computer: ", computer_score)

	
>>> if __name__ == '__main__':
	start()

	
Let's play a game of rock, paper, scissors
Traceback (most recent call last):
  File "<pyshell#72>", line 2, in <module>
    start()
  File "<pyshell#20>", line 3, in start
    while game():
  File "<pyshell#26>", line 2, in game
    player = move()
  File "<pyshell#38>", line 4, in move
    player = raw_input("Rock = 1\nPaper = 2\nScissors = 3\nMake a move: ")
NameError: global name 'raw_input' is not defined
>>> def move():
	while True:
		print
		player = input("Rock = 1\nPaper = 2\nScissors = 3\nMake a move: ")
		try:
			player = int(player)
			if player in (1,2,3):
				return player
		except ValueError:
			pass
		print("Oops! I didn't understand that. Please enter 1, 2, or 3.")

		
>>> def play_again():
	answer = input("Would you like to play again? y/n: ")
	if answer in ("y", "Y", "yes", "Yes", "Of course"):
		return answer
	else:
		print("Thank you very much for playing our game. See you next time!")

		
>>> if __name__ == '__main__':
	start()

	
Let's play a game of rock, paper, scissors
Rock = 1
Paper = 2
Scissors = 3
Make a move: 3
1...
2...
3!
Computer threw Rock!
The computer laughs as you realize you have been defeated.
Would you like to play again? y/n: y
Rock = 1
Paper = 2
Scissors = 3
Make a move: 2
1...
2...
3!
Computer threw Scissors!
The computer laughs as you realize you have been defeated.
Would you like to play again? y/n: y
Rock = 1
Paper = 2
Scissors = 3
Make a move: 1
1...
2...
3!
Computer threw Rock!
Tie game!
Would you like to play again? y/n: y
Rock = 1
Paper = 2
Scissors = 3
Make a move: 2
1...
2...
3!
Computer threw Rock!
Your victory has been assured.
Would you like to play again? y/n: y
Rock = 1
Paper = 2
Scissors = 3
Make a move: 3
1...
2...
3!
Computer threw Paper!
Your victory has been assured.
Would you like to play again? y/n: y
Rock = 1
Paper = 2
Scissors = 3
Make a move: 2
1...
2...
3!
Computer threw Scissors!
The computer laughs as you realize you have been defeated.
Would you like to play again? y/n: y
Rock = 1
Paper = 2
Scissors = 3
Make a move: 1
1...
2...
3!
Computer threw Rock!
Tie game!
Would you like to play again? y/n: y
Rock = 1
Paper = 2
Scissors = 3
Make a move: 3
1...
2...
3!
Computer threw Rock!
The computer laughs as you realize you have been defeated.
Would you like to play again? y/n: y
Rock = 1
Paper = 2
Scissors = 3
Make a move: 2
1...
2...
3!
Computer threw Rock!
Your victory has been assured.
Would you like to play again? y/n: y
Rock = 1
Paper = 2
Scissors = 3
Make a move: 2
1...
2...
3!
Computer threw Rock!
Your victory has been assured.
Would you like to play again? y/n: n
Thank you very much for playing our game. See you next time!
HIGH SCORES
Player:  4
Computer:  4
>>> start()
Let's play a game of rock, paper, scissors
Rock = 1
Paper = 2
Scissors = 3
Make a move: 2
1...
2...
3!
Computer threw Rock!
Your victory has been assured.
Would you like to play again? y/n: y
Rock = 1
Paper = 2
Scissors = 3
Make a move: 1
1...
2...
3!
Computer threw Paper!
The computer laughs as you realize you have been defeated.
Would you like to play again? y/n: y
Rock = 1
Paper = 2
Scissors = 3
Make a move: 3
1...
2...
3!
Computer threw Paper!
Your victory has been assured.
Would you like to play again? y/n: y
Rock = 1
Paper = 2
Scissors = 3
Make a move: 2
1...
2...
3!
Computer threw Scissors!
The computer laughs as you realize you have been defeated.
Would you like to play again? y/n: y
Rock = 1
Paper = 2
Scissors = 3
Make a move: 2
1...
2...
3!
Computer threw Rock!
Your victory has been assured.
Would you like to play again? y/n: y
Rock = 1
Paper = 2
Scissors = 3
Make a move: 1
1...
2...
3!
Computer threw Scissors!
Your victory has been assured.
Would you like to play again? y/n: y
Rock = 1
Paper = 2
Scissors = 3
Make a move: 3
1...
2...
3!
Computer threw Scissors!
Tie game!
Would you like to play again? y/n: y
Rock = 1
Paper = 2
Scissors = 3
Make a move: 2
1...
2...
3!
Computer threw Paper!
Tie game!
Would you like to play again? y/n: y
Rock = 1
Paper = 2
Scissors = 3
Make a move: 1
1...
2...
3!
Computer threw Rock!
Tie game!
Would you like to play again? y/n: y
Rock = 1
Paper = 2
Scissors = 3
Make a move: 2
1...
2...
3!
Computer threw Rock!
Your victory has been assured.
Would you like to play again? y/n: y
Rock = 1
Paper = 2
Scissors = 3
Make a move: 3
1...
2...
3!
Computer threw Rock!
The computer laughs as you realize you have been defeated.
Would you like to play again? y/n: n
Thank you very much for playing our game. See you next time!
HIGH SCORES
Player:  9
Computer:  7
>>> start()
Let's play a game of rock, paper, scissors
Rock = 1
Paper = 2
Scissors = 3
Make a move: 2
1...
2...
3!
Computer threw Paper!
Tie game!
Would you like to play again? y/n: y
Rock = 1
Paper = 2
Scissors = 3
Make a move: 1
1...
2...
3!
Computer threw Rock!
Tie game!
Would you like to play again? y/n: y
Rock = 1
Paper = 2
Scissors = 3
Make a move: 3
1...
2...
3!
Computer threw Rock!
The computer laughs as you realize you have been defeated.
Would you like to play again? y/n: y
Rock = 1
Paper = 2
Scissors = 3
Make a move: 1
1...
2...
3!
Computer threw Rock!
Tie game!
Would you like to play again? y/n: y
Rock = 1
Paper = 2
Scissors = 3
Make a move: 2
1...
2...
3!
Computer threw Paper!
Tie game!
Would you like to play again? y/n: y
Rock = 1
Paper = 2
Scissors = 3
Make a move: 1
1...
2...
3!
Computer threw Rock!
Tie game!
Would you like to play again? y/n: y
Rock = 1
Paper = 2
Scissors = 3
Make a move: 1
1...
2...
3!
Computer threw Rock!
Tie game!
Would you like to play again? y/n: y
Rock = 1
Paper = 2
Scissors = 3
Make a move: 2
1...
2...
3!
Computer threw Rock!
Your victory has been assured.
Would you like to play again? y/n: n
Thank you very much for playing our game. See you next time!
HIGH SCORES
Player:  10
Computer:  8
>>> 
